
> lms-server@1.0.0 build
> tsc

src/controllers/payments/paymentController.ts(25,7): error TS2769: No overload matches this call.
  The last overload gave the following error.
    Type 'string' is not assignable to type 'RegExp | "manual" | "stripe" | "payhere"'.
src/controllers/payments/paymentController.ts(38,61): error TS18047: 'transaction' is possibly 'null'.
src/scripts/seedData.ts(27,58): error TS2769: No overload matches this call.
  The last overload gave the following error.
    Object literal may only specify known properties, and 'description' does not exist in type '{ name?: string | RegExp; is_system_role?: boolean; client_id?: ObjectIdQueryTypeCasting; createdAt?: DateQueryTypeCasting; updatedAt?: DateQueryTypeCasting; _id?: ObjectIdQueryTypeCasting; }'.
src/scripts/seedData.ts(28,62): error TS2769: No overload matches this call.
  The last overload gave the following error.
    Object literal may only specify known properties, and 'description' does not exist in type '{ name?: string | RegExp; is_system_role?: boolean; client_id?: ObjectIdQueryTypeCasting; createdAt?: DateQueryTypeCasting; updatedAt?: DateQueryTypeCasting; _id?: ObjectIdQueryTypeCasting; }'.
src/scripts/seedData.ts(29,62): error TS2769: No overload matches this call.
  The last overload gave the following error.
    Object literal may only specify known properties, and 'description' does not exist in type '{ name?: string | RegExp; is_system_role?: boolean; client_id?: ObjectIdQueryTypeCasting; createdAt?: DateQueryTypeCasting; updatedAt?: DateQueryTypeCasting; _id?: ObjectIdQueryTypeCasting; }'.
src/scripts/seedData.ts(38,7): error TS2769: No overload matches this call.
  The last overload gave the following error.
    Object literal may only specify known properties, and 'role' does not exist in type '{ first_name?: string | RegExp; last_name?: string | RegExp; email?: string | RegExp; phone?: string | RegExp; password_hash?: string | RegExp; ... 5 more ...; _id?: ObjectIdQueryTypeCasting; }'.
src/scripts/seedData.ts(39,18): error TS2531: Object is possibly 'null'.
src/scripts/seedData.ts(47,7): error TS2769: No overload matches this call.
  The last overload gave the following error.
    Object literal may only specify known properties, and 'role' does not exist in type '{ first_name?: string | RegExp; last_name?: string | RegExp; email?: string | RegExp; phone?: string | RegExp; password_hash?: string | RegExp; ... 5 more ...; _id?: ObjectIdQueryTypeCasting; }'.
src/scripts/seedData.ts(48,18): error TS2531: Object is possibly 'null'.
src/scripts/seedData.ts(56,7): error TS2769: No overload matches this call.
  The last overload gave the following error.
    Object literal may only specify known properties, and 'role' does not exist in type '{ first_name?: string | RegExp; last_name?: string | RegExp; email?: string | RegExp; phone?: string | RegExp; password_hash?: string | RegExp; ... 5 more ...; _id?: ObjectIdQueryTypeCasting; }'.
src/scripts/seedData.ts(57,18): error TS2531: Object is possibly 'null'.
src/scripts/seedData.ts(66,19): error TS2531: Object is possibly 'null'.
src/scripts/seedData.ts(67,7): error TS2769: No overload matches this call.
  The last overload gave the following error.
    Object literal may only specify known properties, and 'tutor' does not exist in type '{ title?: string | RegExp; description?: string | RegExp; batches?: { batch_name?: string; day?: string; start?: string; end?: string; }[] | ({ batch_name?: string; day?: string; start?: string; end?: string; } | { ...; } | { ...; })[] | ({ ...; } | { ...; })[]; ... 76 more ...; validateSync?: { ...; }; }'.
src/scripts/seedData.ts(67,14): error TS2531: Object is possibly 'null'.
src/scripts/seedData.ts(69,27): error TS2531: Object is possibly 'null'.
src/scripts/seedData.ts(78,19): error TS2531: Object is possibly 'null'.
src/scripts/seedData.ts(79,7): error TS2769: No overload matches this call.
  The last overload gave the following error.
    Object literal may only specify known properties, and 'tutor' does not exist in type '{ title?: string | RegExp; description?: string | RegExp; batches?: { batch_name?: string; day?: string; start?: string; end?: string; }[] | ({ batch_name?: string; day?: string; start?: string; end?: string; } | { ...; } | { ...; })[] | ({ ...; } | { ...; })[]; ... 76 more ...; validateSync?: { ...; }; }'.
src/scripts/seedData.ts(79,14): error TS2531: Object is possibly 'null'.
src/scripts/seedData.ts(90,24): error TS2769: No overload matches this call.
  The last overload gave the following error.
    Object literal may only specify known properties, and 'grade' does not exist in type '{ type?: RegExp | "quiz" | "challenge"; version?: number; title?: string | RegExp; is_deleted?: boolean; created_by?: ObjectIdQueryTypeCasting; ... 11 more ...; _id?: ObjectIdQueryTypeCasting; }'.
src/scripts/seedData.ts(91,19): error TS2531: Object is possibly 'null'.
src/scripts/seedData.ts(92,17): error TS2531: Object is possibly 'null'.
src/scripts/seedData.ts(94,7): error TS1117: An object literal cannot have multiple properties with the same name.
src/scripts/seedData.ts(100,27): error TS2769: No overload matches this call.
  The last overload gave the following error.
    Object literal may only specify known properties, and 'grade' does not exist in type '{ type?: RegExp | "quiz" | "challenge"; version?: number; title?: string | RegExp; is_deleted?: boolean; created_by?: ObjectIdQueryTypeCasting; ... 11 more ...; _id?: ObjectIdQueryTypeCasting; }'.
src/scripts/seedData.ts(101,19): error TS2531: Object is possibly 'null'.
src/scripts/seedData.ts(102,17): error TS2531: Object is possibly 'null'.
src/scripts/seedData.ts(104,7): error TS1117: An object literal cannot have multiple properties with the same name.
